2025-07-09 17:36:57,247 - semgrep.run_scan - DEBUG - semgrep version 1.4.0
2025-07-09 17:36:57,257 - semgrep.git - DEBUG - Failed to get project url from 'git ls-remote': Command failed with exit code: 128
-----
Command failed with output:
fatal: No remote configured to list refs from.


Failed to run 'git ls-remote --get-url'. Possible reasons:

- the git binary is not available
- the current working directory is not a git repository
- the baseline commit is not a parent of the current commit
    (if you are running through semgrep-app, check if you are setting `SEMGREP_BRANCH` or `SEMGREP_BASELINE_COMMIT` properly)
- the current working directory is not marked as safe
    (fix with `git config --global --add safe.directory $(pwd)`)

Try running the command yourself to debug the issue.
2025-07-09 17:36:57,259 - semgrep.config_resolver - DEBUG - Loading local config from /home/runner/workspace/.config/.semgrep/semgrep_rules.json
2025-07-09 17:36:57,273 - semgrep.config_resolver - DEBUG - Done loading local config from /home/runner/workspace/.config/.semgrep/semgrep_rules.json
2025-07-09 17:36:57,277 - semgrep.config_resolver - DEBUG - Saving rules to /tmp/semgrep-zewrxeln.rules
2025-07-09 17:36:58,557 - semgrep.rule_lang - DEBUG - semgrep-core validation response: valid=True
2025-07-09 17:36:58,557 - semgrep.rule_lang - DEBUG - semgrep-core validation succeeded
2025-07-09 17:36:58,557 - semgrep.rule_lang - DEBUG - RPC validation succeeded
2025-07-09 17:36:58,558 - semgrep.config_resolver - DEBUG - loaded 1 configs in 1.299605131149292
2025-07-09 17:36:58,713 - semgrep.run_scan - VERBOSE - running 715 rules from 1 config /home/runner/workspace/.config/.semgrep/semgrep_rules.json_0
2025-07-09 17:36:58,714 - semgrep.run_scan - VERBOSE - No .semgrepignore found. Using default .semgrepignore rules. See the docs for the list of default ignores: https://semgrep.dev/docs/cli-usage/#ignore-files
2025-07-09 17:36:58,726 - semgrep.run_scan - VERBOSE - Rules:
2025-07-09 17:36:58,726 - semgrep.run_scan - VERBOSE - <SKIPPED DATA (too many entries; use --max-log-list-entries)>
2025-07-09 17:36:59,958 - semgrep.core_runner - DEBUG - Passing whole rules directly to semgrep_core
2025-07-09 17:37:00,336 - semgrep.core_runner - DEBUG - Running Semgrep engine with command:
2025-07-09 17:37:00,336 - semgrep.core_runner - DEBUG - /tmp/_MEIWGwWDx/semgrep/bin/opengrep-core -json -rules /tmp/tmp412vamxm.json -j 8 -targets /tmp/tmp9c5vb155 -timeout 5 -timeout_threshold 3 -max_memory 0 -fast
